// Jest Snapshot v1, https://goo.gl/fbAQLP

exports[`Application should render App corectly 1`] = `
<View
  style={
    Object {
      "flex": 1,
    }
  }
>
  <View
    style={
      Object {
        "backgroundColor": "#E6E9EE",
      }
    }
  />
  <ExponentLinearGradient
    colors={
      Array [
        4278190080,
        0,
      ]
    }
    endPoint={undefined}
    locations={null}
    startPoint={undefined}
    style={
      Object {
        "height": 300,
        "left": 0,
        "position": "absolute",
        "right": 0,
        "top": 0,
      }
    }
  />
  <View
    style={
      Object {
        "alignItems": "center",
        "flex": 1,
        "flexDirection": "column",
        "justifyContent": "center",
      }
    }
  >
    <Image
      collapsable={undefined}
      source={1}
      style={
        Object {
          "height": 200,
          "transform": Array [
            Object {
              "rotate": "0deg",
            },
          ],
          "width": 227,
        }
      }
    />
  </View>
</View>
`;
