// Jest Snapshot v1, https://goo.gl/fbAQLP

exports[`ParticipatingScreen should render ParticipatingScreen corectly 1`] = `
<View
  style={
    Object {
      "backgroundColor": "white",
      "flex": 1,
    }
  }
>
  <Text
    accessible={true}
    allowFontScaling={true}
    ellipsizeMode="tail"
    style={
      Object {
        "alignSelf": "center",
        "marginTop": 10,
        "textAlign": "center",
      }
    }
  >
    You dont have any notifications of this type.
  </Text>
</View>
`;
