// Jest Snapshot v1, https://goo.gl/fbAQLP

exports[`FileList screen should render FileList corectly 1`] = `
<View
  collapsable={undefined}
  onLayout={[Function]}
  pointerEvents="box-none"
  style={
    Object {
      "backgroundColor": "#ddd",
      "flex": 1,
      "paddingBottom": 0,
      "paddingLeft": 0,
      "paddingRight": 0,
      "paddingTop": 20,
    }
  }
>
  <RCTScrollView>
    <View />
  </RCTScrollView>
</View>
`;
