// Jest Snapshot v1, https://goo.gl/fbAQLP

exports[`Repository screee  should render Repository corectly 1`] = `
<View
  collapsable={undefined}
  onLayout={[Function]}
  pointerEvents="box-none"
  style={
    Object {
      "flex": 1,
      "paddingBottom": 0,
      "paddingLeft": 0,
      "paddingRight": 0,
      "paddingTop": 20,
    }
  }
>
  <View
    onLayout={[Function]}
    style={
      Array [
        undefined,
        Object {
          "backgroundColor": "transparent",
          "flex": 1,
        },
      ]
    }
  >
    <View
      collapsable={undefined}
      style={
        Object {
          "backgroundColor": "#272727",
          "height": 300,
          "opacity": 1,
          "overflow": "hidden",
          "position": "absolute",
          "top": 0,
          "transform": Array [
            Object {
              "translateY": 0,
            },
            Object {
              "scale": 1,
            },
          ],
          "width": 750,
        }
      }
    >
      <View>
        <View />
      </View>
    </View>
    <RCTScrollView
      collapsable={undefined}
      onChangeHeaderVisibility={[Function]}
      onScroll={[Function]}
      scrollEventThrottle={1}
      style={
        Object {
          "backgroundColor": "transparent",
        }
      }
      styles={
        Object {
          "height": 10000,
        }
      }
    >
      <View>
        <View
          style={
            Object {
              "backgroundColor": "transparent",
              "overflow": "hidden",
            }
          }
        >
          <View
            collapsable={undefined}
            style={
              Object {
                "backgroundColor": "transparent",
                "height": 300,
                "opacity": 1,
                "overflow": "hidden",
              }
            }
          >
            <View
              style={
                Object {
                  "height": 300,
                }
              }
            >
              <View
                style={
                  Object {
                    "backgroundColor": "#272727",
                    "flex": 1,
                    "flexDirection": "column",
                    "height": 300,
                    "paddingTop": 40,
                  }
                }
              >
                <View
                  style={
                    Object {
                      "alignItems": "flex-start",
                      "flexDirection": "row",
                      "height": 25,
                      "justifyContent": "center",
                    }
                  }
                />
                <View
                  style={
                    Object {
                      "alignItems": "center",
                      "flexDirection": "row",
                      "height": 75,
                      "justifyContent": "center",
                    }
                  }
                >
                  <Text
                    accessible={true}
                    allowFontScaling={true}
                    ellipsizeMode="tail"
                    style={
                      Object {
                        "fontSize": 75,
                      }
                    }
                  >
                     
                  </Text>
                  <Text
                    accessible={true}
                    allowFontScaling={true}
                    ellipsizeMode="tail"
                  />
                </View>
                <View
                  style={
                    Object {
                      "alignItems": "center",
                      "height": 30,
                      "justifyContent": "center",
                    }
                  }
                >
                  <Text
                    accessible={true}
                    allowFontScaling={true}
                    ellipsizeMode="tail"
                    style={
                      Object {
                        "color": "white",
                        "fontSize": 20,
                        "fontWeight": "bold",
                      }
                    }
                  >
                    
                  </Text>
                </View>
                <View
                  style={
                    Object {
                      "flex": 1,
                      "flexDirection": "row",
                      "justifyContent": "space-around",
                      "paddingBottom": 25,
                      "paddingLeft": 15,
                      "paddingRight": 15,
                      "paddingTop": 25,
                    }
                  }
                >
                  <View
                    accessibilityComponentType={undefined}
                    accessibilityLabel={undefined}
                    accessibilityTraits={undefined}
                    accessible={true}
                    collapsable={undefined}
                    hasTVPreferredFocus={undefined}
                    hitSlop={undefined}
                    isTVSelectable={true}
                    nativeID={undefined}
                    onLayout={undefined}
                    onResponderGrant={[Function]}
                    onResponderMove={[Function]}
                    onResponderRelease={[Function]}
                    onResponderTerminate={[Function]}
                    onResponderTerminationRequest={[Function]}
                    onStartShouldSetResponder={[Function]}
                    style={
                      Object {
                        "opacity": 1,
                      }
                    }
                    testID={undefined}
                    tvParallaxProperties={undefined}
                  >
                    <View
                      style={
                        Object {
                          "alignItems": "center",
                          "flex": 1,
                          "flexDirection": "column",
                          "justifyContent": "center",
                        }
                      }
                    >
                      <Text
                        accessible={true}
                        allowFontScaling={true}
                        ellipsizeMode="tail"
                        style={
                          Object {
                            "color": "white",
                            "fontSize": 24,
                            "fontWeight": "bold",
                          }
                        }
                      >
                         
                        0
                         
                      </Text>
                      <Text
                        accessible={true}
                        allowFontScaling={true}
                        ellipsizeMode="tail"
                        style={
                          Object {
                            "color": "white",
                            "fontSize": 14,
                          }
                        }
                      >
                         
                        Stars
                         
                      </Text>
                    </View>
                  </View>
                  <View
                    accessibilityComponentType={undefined}
                    accessibilityLabel={undefined}
                    accessibilityTraits={undefined}
                    accessible={true}
                    collapsable={undefined}
                    hasTVPreferredFocus={undefined}
                    hitSlop={undefined}
                    isTVSelectable={true}
                    nativeID={undefined}
                    onLayout={undefined}
                    onResponderGrant={[Function]}
                    onResponderMove={[Function]}
                    onResponderRelease={[Function]}
                    onResponderTerminate={[Function]}
                    onResponderTerminationRequest={[Function]}
                    onStartShouldSetResponder={[Function]}
                    style={
                      Object {
                        "opacity": 1,
                      }
                    }
                    testID={undefined}
                    tvParallaxProperties={undefined}
                  >
                    <View
                      style={
                        Object {
                          "alignItems": "center",
                          "flex": 1,
                          "flexDirection": "column",
                          "justifyContent": "center",
                        }
                      }
                    >
                      <Text
                        accessible={true}
                        allowFontScaling={true}
                        ellipsizeMode="tail"
                        style={
                          Object {
                            "color": "white",
                            "fontSize": 24,
                            "fontWeight": "bold",
                          }
                        }
                      >
                         
                        0
                         
                      </Text>
                      <Text
                        accessible={true}
                        allowFontScaling={true}
                        ellipsizeMode="tail"
                        style={
                          Object {
                            "color": "white",
                            "fontSize": 14,
                          }
                        }
                      >
                         
                        Watchers
                         
                      </Text>
                    </View>
                  </View>
                  <View
                    accessibilityComponentType={undefined}
                    accessibilityLabel={undefined}
                    accessibilityTraits={undefined}
                    accessible={true}
                    collapsable={undefined}
                    hasTVPreferredFocus={undefined}
                    hitSlop={undefined}
                    isTVSelectable={true}
                    nativeID={undefined}
                    onLayout={undefined}
                    onResponderGrant={[Function]}
                    onResponderMove={[Function]}
                    onResponderRelease={[Function]}
                    onResponderTerminate={[Function]}
                    onResponderTerminationRequest={[Function]}
                    onStartShouldSetResponder={[Function]}
                    style={
                      Object {
                        "opacity": 1,
                      }
                    }
                    testID={undefined}
                    tvParallaxProperties={undefined}
                  >
                    <View
                      style={
                        Object {
                          "alignItems": "center",
                          "flex": 1,
                          "flexDirection": "column",
                          "justifyContent": "center",
                        }
                      }
                    >
                      <Text
                        accessible={true}
                        allowFontScaling={true}
                        ellipsizeMode="tail"
                        style={
                          Object {
                            "color": "white",
                            "fontSize": 24,
                            "fontWeight": "bold",
                          }
                        }
                      >
                         
                        0
                         
                      </Text>
                      <Text
                        accessible={true}
                        allowFontScaling={true}
                        ellipsizeMode="tail"
                        style={
                          Object {
                            "color": "white",
                            "fontSize": 14,
                          }
                        }
                      >
                         
                        Forks
                         
                      </Text>
                    </View>
                  </View>
                </View>
              </View>
            </View>
          </View>
        </View>
        <View
          onLayout={[Function]}
          style={
            Array [
              Array [
                Object {
                  "backgroundColor": "white",
                },
                Object {
                  "flex": 1,
                },
              ],
              Object {
                "minHeight": 0,
              },
            ]
          }
        >
          <View
            style={
              Object {
                "display": "none",
              }
            }
          />
          <View
            style={
              Object {
                "flex": 1,
                "flexDirection": "column",
              }
            }
          >
            <View>
              <View
                style={
                  Object {
                    "alignItems": "center",
                    "borderBottomColor": "grey",
                    "borderBottomWidth": 1,
                    "flexDirection": "row",
                    "justifyContent": "space-between",
                    "padding": 15,
                    "paddingTop": 30,
                  }
                }
              >
                <Text
                  accessible={true}
                  allowFontScaling={true}
                  ellipsizeMode="tail"
                  style={
                    Object {
                      "fontWeight": "bold",
                    }
                  }
                >
                  Owner
                </Text>
                <View>
                   
                   
                </View>
              </View>
              <View
                style={
                  Object {
                    "borderBottomColor": "grey",
                    "borderBottomWidth": 2,
                    "flex": 1,
                    "paddingBottom": 8,
                    "paddingTop": 8,
                  }
                }
              >
                <View
                  style={
                    Object {
                      "justifyContent": "center",
                    }
                  }
                >
                  <View
                    accessibilityComponentType={undefined}
                    accessibilityLabel={undefined}
                    accessibilityTraits={undefined}
                    accessible={true}
                    collapsable={undefined}
                    hasTVPreferredFocus={undefined}
                    hitSlop={undefined}
                    isTVSelectable={true}
                    nativeID={undefined}
                    onLayout={undefined}
                    onResponderGrant={[Function]}
                    onResponderMove={[Function]}
                    onResponderRelease={[Function]}
                    onResponderTerminate={[Function]}
                    onResponderTerminationRequest={[Function]}
                    onStartShouldSetResponder={[Function]}
                    style={
                      Object {
                        "opacity": 1,
                      }
                    }
                    testID={undefined}
                    tvParallaxProperties={undefined}
                  >
                    <View
                      style={
                        Array [
                          Object {
                            "alignItems": "center",
                            "backgroundColor": "white",
                            "flexDirection": "row",
                            "justifyContent": "center",
                          },
                          Array [],
                        ]
                      }
                    >
                      <View
                        style={
                          Object {
                            "alignItems": "center",
                            "justifyContent": "center",
                            "width": "15%",
                          }
                        }
                      />
                      <View
                        style={
                          Object {
                            "alignItems": "flex-start",
                            "flexWrap": "wrap",
                            "justifyContent": "center",
                            "padding": 10,
                            "width": "70%",
                          }
                        }
                      >
                        <Text
                          accessible={true}
                          allowFontScaling={true}
                          ellipsizeMode="tail"
                        >
                          
                        </Text>
                      </View>
                      <View
                        style={
                          Object {
                            "alignItems": "center",
                            "justifyContent": "center",
                            "width": "15%",
                          }
                        }
                      >
                        <Text
                          accessible={true}
                          allowFontScaling={true}
                          ellipsizeMode="tail"
                        />
                      </View>
                    </View>
                  </View>
                </View>
              </View>
            </View>
            <View>
              <View
                style={
                  Object {
                    "alignItems": "center",
                    "borderBottomColor": "grey",
                    "borderBottomWidth": 1,
                    "flexDirection": "row",
                    "justifyContent": "space-between",
                    "padding": 15,
                    "paddingTop": 30,
                  }
                }
              >
                <Text
                  accessible={true}
                  allowFontScaling={true}
                  ellipsizeMode="tail"
                  style={
                    Object {
                      "fontWeight": "bold",
                    }
                  }
                >
                  Contributors
                </Text>
                <View>
                   
                   
                </View>
              </View>
              <View
                style={
                  Object {
                    "borderBottomColor": "grey",
                    "borderBottomWidth": 2,
                    "flex": 1,
                    "paddingBottom": 8,
                    "paddingTop": 8,
                  }
                }
              >
                <View
                  style={
                    Object {
                      "justifyContent": "center",
                    }
                  }
                >
                  <View
                    accessibilityComponentType={undefined}
                    accessibilityLabel={undefined}
                    accessibilityTraits={undefined}
                    accessible={true}
                    collapsable={undefined}
                    hasTVPreferredFocus={undefined}
                    hitSlop={undefined}
                    isTVSelectable={true}
                    nativeID={undefined}
                    onLayout={undefined}
                    onResponderGrant={[Function]}
                    onResponderMove={[Function]}
                    onResponderRelease={[Function]}
                    onResponderTerminate={[Function]}
                    onResponderTerminationRequest={[Function]}
                    onStartShouldSetResponder={[Function]}
                    style={
                      Object {
                        "opacity": 1,
                      }
                    }
                    testID={undefined}
                    tvParallaxProperties={undefined}
                  >
                    <View
                      style={
                        Array [
                          Object {
                            "alignItems": "center",
                            "backgroundColor": "white",
                            "flexDirection": "row",
                            "justifyContent": "center",
                          },
                          Array [],
                        ]
                      }
                    >
                      <View
                        style={
                          Object {
                            "alignItems": "center",
                            "justifyContent": "center",
                            "width": "15%",
                          }
                        }
                      />
                      <View
                        style={
                          Object {
                            "alignItems": "flex-start",
                            "flexWrap": "wrap",
                            "justifyContent": "center",
                            "padding": 10,
                            "width": "70%",
                          }
                        }
                      >
                        <Text
                          accessible={true}
                          allowFontScaling={true}
                          ellipsizeMode="tail"
                        >
                          No Contributors Found
                        </Text>
                      </View>
                      <View
                        style={
                          Object {
                            "alignItems": "center",
                            "justifyContent": "center",
                            "width": "15%",
                          }
                        }
                      />
                    </View>
                  </View>
                </View>
              </View>
            </View>
            <View>
              <View
                style={
                  Object {
                    "alignItems": "center",
                    "borderBottomColor": "grey",
                    "borderBottomWidth": 1,
                    "flexDirection": "row",
                    "justifyContent": "space-between",
                    "padding": 15,
                    "paddingTop": 30,
                  }
                }
              >
                <Text
                  accessible={true}
                  allowFontScaling={true}
                  ellipsizeMode="tail"
                  style={
                    Object {
                      "fontWeight": "bold",
                    }
                  }
                >
                  Source
                </Text>
                <View>
                   
                   
                </View>
              </View>
              <View
                style={
                  Object {
                    "borderBottomColor": "grey",
                    "borderBottomWidth": 2,
                    "flex": 1,
                    "paddingBottom": 8,
                    "paddingTop": 8,
                  }
                }
              >
                <View
                  style={
                    Object {
                      "justifyContent": "center",
                    }
                  }
                >
                  <View
                    accessibilityComponentType={undefined}
                    accessibilityLabel={undefined}
                    accessibilityTraits={undefined}
                    accessible={true}
                    collapsable={undefined}
                    hasTVPreferredFocus={undefined}
                    hitSlop={undefined}
                    isTVSelectable={true}
                    nativeID={undefined}
                    onLayout={undefined}
                    onResponderGrant={[Function]}
                    onResponderMove={[Function]}
                    onResponderRelease={[Function]}
                    onResponderTerminate={[Function]}
                    onResponderTerminationRequest={[Function]}
                    onStartShouldSetResponder={[Function]}
                    style={
                      Object {
                        "opacity": 1,
                      }
                    }
                    testID={undefined}
                    tvParallaxProperties={undefined}
                  >
                    <View
                      style={
                        Array [
                          Object {
                            "alignItems": "center",
                            "backgroundColor": "white",
                            "flexDirection": "row",
                            "justifyContent": "center",
                          },
                          Array [],
                        ]
                      }
                    >
                      <View
                        style={
                          Object {
                            "alignItems": "center",
                            "justifyContent": "center",
                            "width": "15%",
                          }
                        }
                      >
                        <Text
                          accessible={true}
                          allowFontScaling={true}
                          ellipsizeMode="tail"
                        />
                      </View>
                      <View
                        style={
                          Object {
                            "alignItems": "flex-start",
                            "flexWrap": "wrap",
                            "justifyContent": "center",
                            "padding": 10,
                            "width": "70%",
                          }
                        }
                      >
                        <Text
                          accessible={true}
                          allowFontScaling={true}
                          ellipsizeMode="tail"
                        >
                          View Code
                        </Text>
                      </View>
                      <View
                        style={
                          Object {
                            "alignItems": "center",
                            "justifyContent": "center",
                            "width": "15%",
                          }
                        }
                      >
                        <Text
                          accessible={true}
                          allowFontScaling={true}
                          ellipsizeMode="tail"
                        />
                      </View>
                    </View>
                  </View>
                </View>
              </View>
            </View>
            <View>
              <View
                style={
                  Object {
                    "alignItems": "center",
                    "borderBottomColor": "grey",
                    "borderBottomWidth": 1,
                    "flexDirection": "row",
                    "justifyContent": "space-between",
                    "padding": 15,
                    "paddingTop": 30,
                  }
                }
              >
                <Text
                  accessible={true}
                  allowFontScaling={true}
                  ellipsizeMode="tail"
                  style={
                    Object {
                      "fontWeight": "bold",
                    }
                  }
                >
                  Issues
                </Text>
                <View>
                   
                  <View
                    style={
                      Array [
                        Object {
                          "marginLeft": 15,
                          "marginRight": 15,
                        },
                        undefined,
                        undefined,
                        Object {
                          "borderRadius": 3,
                        },
                      ]
                    }
                  >
                    <View
                      accessibilityComponentType={undefined}
                      accessibilityLabel={undefined}
                      accessibilityTraits={undefined}
                      accessible={true}
                      hasTVPreferredFocus={undefined}
                      hitSlop={undefined}
                      isTVSelectable={true}
                      nativeID={undefined}
                      onLayout={undefined}
                      onResponderGrant={[Function]}
                      onResponderMove={[Function]}
                      onResponderRelease={[Function]}
                      onResponderTerminate={[Function]}
                      onResponderTerminationRequest={[Function]}
                      onStartShouldSetResponder={[Function]}
                      style={null}
                      testID={undefined}
                      tvParallaxProperties={undefined}
                    >
                      <View
                        pointerEvents="box-only"
                        style={
                          Array [
                            Object {
                              "alignItems": "center",
                              "backgroundColor": "#9E9E9E",
                              "flexDirection": "row",
                              "justifyContent": "center",
                              "padding": 19,
                            },
                            undefined,
                            undefined,
                            undefined,
                            undefined,
                            undefined,
                            Object {
                              "backgroundColor": "#909AA3",
                            },
                            Object {
                              "borderRadius": 3,
                            },
                            Object {
                              "padding": 12,
                            },
                            undefined,
                            undefined,
                            undefined,
                            undefined,
                            undefined,
                            undefined,
                          ]
                        }
                      >
                        <Text
                          accessible={true}
                          allowFontScaling={true}
                          ellipsizeMode="tail"
                          style={
                            Array [
                              Object {},
                              undefined,
                              undefined,
                              undefined,
                              undefined,
                              undefined,
                              undefined,
                              undefined,
                              undefined,
                              undefined,
                              Array [
                                Object {
                                  "color": "white",
                                  "fontSize": 20,
                                },
                                Object {
                                  "color": "black",
                                },
                                Object {
                                  "fontSize": 17.5,
                                },
                                undefined,
                                undefined,
                                undefined,
                                null,
                                undefined,
                              ],
                            ]
                          }
                        >
                          Add Issue
                        </Text>
                      </View>
                    </View>
                  </View>
                   
                </View>
              </View>
              <View
                style={
                  Object {
                    "borderBottomColor": "grey",
                    "borderBottomWidth": 2,
                    "flex": 1,
                    "paddingBottom": 8,
                    "paddingTop": 8,
                  }
                }
              >
                <View
                  style={
                    Object {
                      "justifyContent": "center",
                    }
                  }
                >
                  <View
                    accessibilityComponentType={undefined}
                    accessibilityLabel={undefined}
                    accessibilityTraits={undefined}
                    accessible={true}
                    collapsable={undefined}
                    hasTVPreferredFocus={undefined}
                    hitSlop={undefined}
                    isTVSelectable={true}
                    nativeID={undefined}
                    onLayout={undefined}
                    onResponderGrant={[Function]}
                    onResponderMove={[Function]}
                    onResponderRelease={[Function]}
                    onResponderTerminate={[Function]}
                    onResponderTerminationRequest={[Function]}
                    onStartShouldSetResponder={[Function]}
                    style={
                      Object {
                        "opacity": 1,
                      }
                    }
                    testID={undefined}
                    tvParallaxProperties={undefined}
                  >
                    <View
                      style={
                        Array [
                          Object {
                            "alignItems": "center",
                            "backgroundColor": "white",
                            "flexDirection": "row",
                            "justifyContent": "center",
                          },
                          Array [],
                        ]
                      }
                    >
                      <View
                        style={
                          Object {
                            "alignItems": "center",
                            "justifyContent": "center",
                            "width": "15%",
                          }
                        }
                      />
                      <View
                        style={
                          Object {
                            "alignItems": "flex-start",
                            "flexWrap": "wrap",
                            "justifyContent": "center",
                            "padding": 10,
                            "width": "70%",
                          }
                        }
                      >
                        <Text
                          accessible={true}
                          allowFontScaling={true}
                          ellipsizeMode="tail"
                        >
                           No Issues 
                        </Text>
                      </View>
                      <View
                        style={
                          Object {
                            "alignItems": "center",
                            "justifyContent": "center",
                            "width": "15%",
                          }
                        }
                      />
                    </View>
                  </View>
                </View>
              </View>
            </View>
            <View>
              <View
                style={
                  Object {
                    "alignItems": "center",
                    "borderBottomColor": "grey",
                    "borderBottomWidth": 1,
                    "flexDirection": "row",
                    "justifyContent": "space-between",
                    "padding": 15,
                    "paddingTop": 30,
                  }
                }
              >
                <Text
                  accessible={true}
                  allowFontScaling={true}
                  ellipsizeMode="tail"
                  style={
                    Object {
                      "fontWeight": "bold",
                    }
                  }
                >
                  Pull Request
                </Text>
                <View>
                   
                  <View
                    style={
                      Array [
                        Object {
                          "marginLeft": 15,
                          "marginRight": 15,
                        },
                        undefined,
                        undefined,
                        Object {
                          "borderRadius": 3,
                        },
                      ]
                    }
                  >
                    <View
                      accessibilityComponentType={undefined}
                      accessibilityLabel={undefined}
                      accessibilityTraits={undefined}
                      accessible={true}
                      hasTVPreferredFocus={undefined}
                      hitSlop={undefined}
                      isTVSelectable={true}
                      nativeID={undefined}
                      onLayout={undefined}
                      onResponderGrant={[Function]}
                      onResponderMove={[Function]}
                      onResponderRelease={[Function]}
                      onResponderTerminate={[Function]}
                      onResponderTerminationRequest={[Function]}
                      onStartShouldSetResponder={[Function]}
                      style={null}
                      testID={undefined}
                      tvParallaxProperties={undefined}
                    >
                      <View
                        pointerEvents="box-only"
                        style={
                          Array [
                            Object {
                              "alignItems": "center",
                              "backgroundColor": "#9E9E9E",
                              "flexDirection": "row",
                              "justifyContent": "center",
                              "padding": 19,
                            },
                            undefined,
                            undefined,
                            undefined,
                            undefined,
                            undefined,
                            Object {
                              "backgroundColor": "#909AA3",
                            },
                            Object {
                              "borderRadius": 3,
                            },
                            Object {
                              "padding": 12,
                            },
                            undefined,
                            undefined,
                            undefined,
                            undefined,
                            undefined,
                            undefined,
                          ]
                        }
                      >
                        <Text
                          accessible={true}
                          allowFontScaling={true}
                          ellipsizeMode="tail"
                          style={
                            Array [
                              Object {},
                              undefined,
                              undefined,
                              undefined,
                              undefined,
                              undefined,
                              undefined,
                              undefined,
                              undefined,
                              undefined,
                              Array [
                                Object {
                                  "color": "white",
                                  "fontSize": 20,
                                },
                                Object {
                                  "color": "black",
                                },
                                Object {
                                  "fontSize": 17.5,
                                },
                                undefined,
                                undefined,
                                undefined,
                                null,
                                undefined,
                              ],
                            ]
                          }
                        >
                          View All
                        </Text>
                      </View>
                    </View>
                  </View>
                   
                </View>
              </View>
              <View
                style={
                  Object {
                    "borderBottomColor": "grey",
                    "borderBottomWidth": 2,
                    "flex": 1,
                    "paddingBottom": 8,
                    "paddingTop": 8,
                  }
                }
              >
                <View
                  style={
                    Object {
                      "justifyContent": "center",
                    }
                  }
                >
                  <View
                    accessibilityComponentType={undefined}
                    accessibilityLabel={undefined}
                    accessibilityTraits={undefined}
                    accessible={true}
                    collapsable={undefined}
                    hasTVPreferredFocus={undefined}
                    hitSlop={undefined}
                    isTVSelectable={true}
                    nativeID={undefined}
                    onLayout={undefined}
                    onResponderGrant={[Function]}
                    onResponderMove={[Function]}
                    onResponderRelease={[Function]}
                    onResponderTerminate={[Function]}
                    onResponderTerminationRequest={[Function]}
                    onStartShouldSetResponder={[Function]}
                    style={
                      Object {
                        "opacity": 1,
                      }
                    }
                    testID={undefined}
                    tvParallaxProperties={undefined}
                  >
                    <View
                      style={
                        Array [
                          Object {
                            "alignItems": "center",
                            "backgroundColor": "white",
                            "flexDirection": "row",
                            "justifyContent": "center",
                          },
                          Array [],
                        ]
                      }
                    >
                      <View
                        style={
                          Object {
                            "alignItems": "center",
                            "justifyContent": "center",
                            "width": "15%",
                          }
                        }
                      />
                      <View
                        style={
                          Object {
                            "alignItems": "flex-start",
                            "flexWrap": "wrap",
                            "justifyContent": "center",
                            "padding": 10,
                            "width": "70%",
                          }
                        }
                      >
                        <Text
                          accessible={true}
                          allowFontScaling={true}
                          ellipsizeMode="tail"
                        >
                           No Pull Request 
                        </Text>
                      </View>
                      <View
                        style={
                          Object {
                            "alignItems": "center",
                            "justifyContent": "center",
                            "width": "15%",
                          }
                        }
                      />
                    </View>
                  </View>
                </View>
              </View>
            </View>
          </View>
        </View>
        <View
          style={
            Object {
              "backgroundColor": "white",
            }
          }
        />
      </View>
    </RCTScrollView>
    <View
      style={
        Array [
          Object {
            "backgroundColor": "transparent",
            "left": 0,
            "overflow": "hidden",
            "position": "absolute",
            "top": 0,
          },
          Object {
            "height": 50,
            "width": 750,
          },
        ]
      }
    >
      <View
        collapsable={undefined}
        style={
          Object {
            "backgroundColor": "#272727",
            "height": 50,
            "opacity": 0,
          }
        }
      >
        <View
          collapsable={undefined}
          style={
            Object {
              "transform": Array [
                Object {
                  "translateY": 50,
                },
              ],
            }
          }
        >
          <View
            style={
              Object {
                "alignItems": "center",
                "backgroundColor": "#272727",
                "height": 50,
                "justifyContent": "center",
              }
            }
          >
            <Text
              accessible={true}
              allowFontScaling={true}
              ellipsizeMode="tail"
              style={
                Object {
                  "color": "white",
                  "fontSize": 20,
                  "fontWeight": "bold",
                }
              }
            >
              
            </Text>
          </View>
        </View>
      </View>
    </View>
  </View>
</View>
`;
