// Jest Snapshot v1, https://goo.gl/fbAQLP

exports[`Repository screee  should render Repository corectly 1`] = `
Array [
  <View>
    <View
      style={
        Object {
          "borderWidth": 0.2,
          "flexDirection": "row",
          "padding": 6,
        }
      }
    >
      <View
        style={
          Object {
            "backgroundColor": "#E6E9EE",
            "flex": 5,
            "flexDirection": "column",
          }
        }
      >
        <Text
          accessible={true}
          allowFontScaling={true}
          ellipsizeMode="tail"
          style={
            Object {
              "fontSize": 12,
              "fontWeight": "bold",
            }
          }
        >
          react-navigation
        </Text>
        <Text
          accessible={true}
          allowFontScaling={true}
          ellipsizeMode="tail"
        >
          Advance react native state management
        </Text>
        <View
          style={
            Object {
              "flexDirection": "row",
              "marginRight": 15,
              "marginVertical": 3,
            }
          }
        >
          <View
            style={
              Object {
                "alignItems": "center",
                "flexDirection": "row",
                "marginHorizontal": 5,
              }
            }
          >
            <Text
              accessible={true}
              allowFontScaling={true}
              ellipsizeMode="tail"
            />
            <Text
              accessible={true}
              allowFontScaling={true}
              ellipsizeMode="tail"
            >
              2
            </Text>
          </View>
          <View
            style={
              Object {
                "alignItems": "center",
                "flexDirection": "row",
                "marginHorizontal": 5,
              }
            }
          >
            <Text
              accessible={true}
              allowFontScaling={true}
              ellipsizeMode="tail"
            />
            <Text
              accessible={true}
              allowFontScaling={true}
              ellipsizeMode="tail"
            >
              3
            </Text>
          </View>
          <View
            style={
              Object {
                "alignItems": "center",
                "flexDirection": "row",
                "marginHorizontal": 5,
              }
            }
          >
            <Text
              accessible={true}
              allowFontScaling={true}
              ellipsizeMode="tail"
            />
            <Text
              accessible={true}
              allowFontScaling={true}
              ellipsizeMode="tail"
            >
              Java Script
            </Text>
          </View>
        </View>
      </View>
      <View
        style={
          Object {
            "alignItems": "center",
            "flex": 2,
            "justifyContent": "center",
          }
        }
      >
        <Text
          accessible={true}
          allowFontScaling={true}
          ellipsizeMode="tail"
        />
      </View>
    </View>
  </View>,
  <View>
    <View
      style={
        Object {
          "borderWidth": 0.2,
          "flexDirection": "row",
          "padding": 6,
        }
      }
    >
      <View
        style={
          Object {
            "backgroundColor": "#E6E9EE",
            "flex": 5,
            "flexDirection": "column",
          }
        }
      >
        <Text
          accessible={true}
          allowFontScaling={true}
          ellipsizeMode="tail"
          style={
            Object {
              "fontSize": 12,
              "fontWeight": "bold",
            }
          }
        >
          Kodefox Tax
        </Text>
        <Text
          accessible={true}
          allowFontScaling={true}
          ellipsizeMode="tail"
        >
          Kodefox daily task
        </Text>
        <View
          style={
            Object {
              "flexDirection": "row",
              "marginRight": 15,
              "marginVertical": 3,
            }
          }
        >
          <View
            style={
              Object {
                "alignItems": "center",
                "flexDirection": "row",
                "marginHorizontal": 5,
              }
            }
          >
            <Text
              accessible={true}
              allowFontScaling={true}
              ellipsizeMode="tail"
            />
            <Text
              accessible={true}
              allowFontScaling={true}
              ellipsizeMode="tail"
            >
              2
            </Text>
          </View>
          <View
            style={
              Object {
                "alignItems": "center",
                "flexDirection": "row",
                "marginHorizontal": 5,
              }
            }
          >
            <Text
              accessible={true}
              allowFontScaling={true}
              ellipsizeMode="tail"
            />
            <Text
              accessible={true}
              allowFontScaling={true}
              ellipsizeMode="tail"
            >
              3
            </Text>
          </View>
          <View
            style={
              Object {
                "alignItems": "center",
                "flexDirection": "row",
                "marginHorizontal": 5,
              }
            }
          >
            <Text
              accessible={true}
              allowFontScaling={true}
              ellipsizeMode="tail"
            />
            <Text
              accessible={true}
              allowFontScaling={true}
              ellipsizeMode="tail"
            >
              Java Script
            </Text>
          </View>
        </View>
      </View>
      <View
        style={
          Object {
            "alignItems": "center",
            "flex": 2,
            "justifyContent": "center",
          }
        }
      >
        <Text
          accessible={true}
          allowFontScaling={true}
          ellipsizeMode="tail"
        />
      </View>
    </View>
  </View>,
  <View>
    <View
      style={
        Object {
          "borderWidth": 0.2,
          "flexDirection": "row",
          "padding": 6,
        }
      }
    >
      <View
        style={
          Object {
            "backgroundColor": "#E6E9EE",
            "flex": 5,
            "flexDirection": "column",
          }
        }
      >
        <Text
          accessible={true}
          allowFontScaling={true}
          ellipsizeMode="tail"
          style={
            Object {
              "fontSize": 12,
              "fontWeight": "bold",
            }
          }
        >
          reason
        </Text>
        <Text
          accessible={true}
          allowFontScaling={true}
          ellipsizeMode="tail"
        >
          Advance react native state management
        </Text>
        <View
          style={
            Object {
              "flexDirection": "row",
              "marginRight": 15,
              "marginVertical": 3,
            }
          }
        >
          <View
            style={
              Object {
                "alignItems": "center",
                "flexDirection": "row",
                "marginHorizontal": 5,
              }
            }
          >
            <Text
              accessible={true}
              allowFontScaling={true}
              ellipsizeMode="tail"
            />
            <Text
              accessible={true}
              allowFontScaling={true}
              ellipsizeMode="tail"
            >
              2
            </Text>
          </View>
          <View
            style={
              Object {
                "alignItems": "center",
                "flexDirection": "row",
                "marginHorizontal": 5,
              }
            }
          >
            <Text
              accessible={true}
              allowFontScaling={true}
              ellipsizeMode="tail"
            />
            <Text
              accessible={true}
              allowFontScaling={true}
              ellipsizeMode="tail"
            >
              3
            </Text>
          </View>
          <View
            style={
              Object {
                "alignItems": "center",
                "flexDirection": "row",
                "marginHorizontal": 5,
              }
            }
          >
            <Text
              accessible={true}
              allowFontScaling={true}
              ellipsizeMode="tail"
            />
            <Text
              accessible={true}
              allowFontScaling={true}
              ellipsizeMode="tail"
            >
              Ocaml
            </Text>
          </View>
        </View>
      </View>
      <View
        style={
          Object {
            "alignItems": "center",
            "flex": 2,
            "justifyContent": "center",
          }
        }
      >
        <Text
          accessible={true}
          allowFontScaling={true}
          ellipsizeMode="tail"
        />
      </View>
    </View>
  </View>,
]
`;
