// Jest Snapshot v1, https://goo.gl/fbAQLP

exports[`RowWith3Collumn should render RowWith3Collumn corectly 1`] = `
<View>
  <View
    style={
      Object {
        "alignItems": "center",
        "backgroundColor": "white",
        "flexDirection": "row",
        "justifyContent": "center",
      }
    }
  >
    <View
      style={
        Object {
          "alignItems": "center",
          "justifyContent": "center",
          "width": "15%",
        }
      }
    >
      <View
        style={
          Object {
            "backgroundColor": "blue",
            "flex": 1,
          }
        }
      />
    </View>
    <View
      style={
        Object {
          "alignItems": "flex-start",
          "flexWrap": "wrap",
          "justifyContent": "center",
          "padding": 10,
          "width": "70%",
        }
      }
    />
    <View
      style={
        Object {
          "alignItems": "center",
          "justifyContent": "center",
          "width": "15%",
        }
      }
    >
      <View
        style={
          Object {
            "backgroundColor": "blue",
            "flex": 1,
          }
        }
      />
    </View>
  </View>
</View>
`;
