// Jest Snapshot v1, https://goo.gl/fbAQLP

exports[`Icon should render EventCard corectly 1`] = `
<View
  style={Object {}}
>
  <View
    style={
      Object {
        "alignItems": "flex-start",
        "flexDirection": "row",
        "flexWrap": "wrap",
        "justifyContent": "flex-start",
        "marginBottom": 10,
        "marginTop": 10,
      }
    }
  >
    <Text
      accessible={true}
      allowFontScaling={true}
      ellipsizeMode="tail"
      style={Object {}}
    >
      <Text
        accessible={true}
        allowFontScaling={true}
        ellipsizeMode="tail"
      >
        hello
      </Text>
    </Text>
  </View>
</View>
`;
